Last login: Thu Feb  2 00:04:57 on ttys004
prajjwaldangal@Prajjwals-MBP:~/Documents/cs/spring17/web programming/SocketProgramming$ gcc server.c
prajjwaldangal@Prajjwals-MBP:~/Documents/cs/spring17/web programming/SocketProgramming$ ./a.out
if block
cap count: 7, new buffer: 
return string 7
^C
prajjwaldangal@Prajjwals-MBP:~/Documents/cs/spring17/web programming/SocketProgramming$ gcc server.c
prajjwaldangal@Prajjwals-MBP:~/Documents/cs/spring17/web programming/SocketProgramming$ ./a.out
^C
prajjwaldangal@Prajjwals-MBP:~/Documents/cs/spring17/web programming/SocketProgramming$ gcc server.c
prajjwaldangal@Prajjwals-MBP:~/Documents/cs/spring17/web programming/SocketProgramming$ ./a.out
n_cap: 3, n_file: 0
if block
cap count: 7, new buffer: 
return string 7
^C
prajjwaldangal@Prajjwals-MBP:~/Documents/cs/spring17/web programming/SocketProgramming$ gcc server.c
server.c:75:12: error: expected '(' after 'if'
                        else if {
                                ^
1 error generated.
prajjwaldangal@Prajjwals-MBP:~/Documents/cs/spring17/web programming/SocketProgramming$ gcc server.c
prajjwaldangal@Prajjwals-MBP:~/Documents/cs/spring17/web programming/SocketProgramming$ ./a.out
n_cap: 3, n_file: 0
if block
return string 4
cap count: 4, new buffer: 
n_cap: 0, n_file: 3
file path: myfile.txt

cap count: 0, new buffer: 
^C
prajjwaldangal@Prajjwals-MBP:~/Documents/cs/spring17/web programming/SocketProgramming$ gcc server.c
prajjwaldangal@Prajjwals-MBP:~/Documents/cs/spring17/web programming/SocketProgramming$ ./a.out
n_cap: 0, n_file: 3
file path: myfile.txt

Segmentation fault: 11
prajjwaldangal@Prajjwals-MBP:~/Documents/cs/spring17/web programming/SocketProgramming$ gcc server.c
prajjwaldangal@Prajjwals-MBP:~/Documents/cs/spring17/web programming/SocketProgramming$ ./a.out
n_cap: 0, n_file: 3
file path: myfile.txt

Segmentation fault: 11
prajjwaldangal@Prajjwals-MBP:~/Documents/cs/spring17/web programming/SocketProgramming$ gcc server.c
prajjwaldangal@Prajjwals-MBP:~/Documents/cs/spring17/web programming/SocketProgramming$ ./a.out
n_cap: 0, n_file: 3
file path: myfile.txt

Segmentation fault: 11
prajjwaldangal@Prajjwals-MBP:~/Documents/cs/spring17/web programming/SocketProgramming$ gcc server.c
server.c:117:29: warning: format specifies type 'int' but the argument has type
      'long' [-Wformat]
                        printf("File size %d\n", bytes);                        
                                          ~~     ^~~~~
                                          %ld
1 warning generated.
prajjwaldangal@Prajjwals-MBP:~/Documents/cs/spring17/web programming/SocketProgramming$ gcc server.c
prajjwaldangal@Prajjwals-MBP:~/Documents/cs/spring17/web programming/SocketProgramming$ ./a.out
n_cap: 0, n_file: 3
file path: myfile.txt

Segmentation fault: 11
prajjwaldangal@Prajjwals-MBP:~/Documents/cs/spring17/web programming/SocketProgramming$ gcc server.c
prajjwaldangal@Prajjwals-MBP:~/Documents/cs/spring17/web programming/SocketProgramming$ ./a.out
n_cap: 0, n_file: 3
file path: myfile.txt

Error opening file.
Segmentation fault: 11
prajjwaldangal@Prajjwals-MBP:~/Documents/cs/spring17/web programming/SocketProgramming$ gcc server.c
prajjwaldangal@Prajjwals-MBP:~/Documents/cs/spring17/web programming/SocketProgramming$ ./a.out
n_cap: 0, n_file: 3
file path: myfile.txt
Error opening file.
Segmentation fault: 11
prajjwaldangal@Prajjwals-MBP:~/Documents/cs/spring17/web programming/SocketProgramming$ gcc server.c
prajjwaldangal@Prajjwals-MBP:~/Documents/cs/spring17/web programming/SocketProgramming$ ./a.out
n_cap: 0, n_file: 3
file path: myfile.txtFile size 54
cap count: 0, new buffer: 
^C
prajjwaldangal@Prajjwals-MBP:~/Documents/cs/spring17/web programming/SocketProgramming$ gcc server.c
server.c:125:28: warning: format specifies type 'int' but the argument has type
      'long' [-Wformat]
                                sprintf(n_bytes, "%d", bytes);
                                                  ~~   ^~~~~
                                                  %ld
/Applications/Xcode.app/Contents/Developer/Platforms/MacOSX.platform/Developer/SDKs/MacOSX10.12.sdk/usr/include/secure/_stdio.h:47:56: note: 
      expanded from macro 'sprintf'
  __builtin___sprintf_chk (str, 0, __darwin_obsz(str), __VA_ARGS__)
                                                       ^~~~~~~~~~~
server.c:127:21: warning: incompatible integer to pointer conversion passing
      'int' to parameter of type 'const char *' [-Wint-conversion]
                                strcat(ret_str, '\n');
                                                ^~~~
/Applications/Xcode.app/Contents/Developer/Platforms/MacOSX.platform/Developer/SDKs/MacOSX10.12.sdk/usr/include/secure/_string.h:125:33: note: 
      expanded from macro 'strcat'
  __builtin___strcat_chk (dest, src, __darwin_obsz (dest))
                                ^~~
2 warnings generated.
prajjwaldangal@Prajjwals-MBP:~/Documents/cs/spring17/web programming/SocketProgramming$ ./a.out
n_cap: 3, n_file: 0
if block
return string 6
^C
prajjwaldangal@Prajjwals-MBP:~/Documents/cs/spring17/web programming/SocketProgramming$ gcc server.c
server.c:125:28: warning: format specifies type 'int' but the argument has type
      'long' [-Wformat]
                                sprintf(n_bytes, "%d", bytes);
                                                  ~~   ^~~~~
                                                  %ld
/Applications/Xcode.app/Contents/Developer/Platforms/MacOSX.platform/Developer/SDKs/MacOSX10.12.sdk/usr/include/secure/_stdio.h:47:56: note: 
      expanded from macro 'sprintf'
  __builtin___sprintf_chk (str, 0, __darwin_obsz(str), __VA_ARGS__)
                                                       ^~~~~~~~~~~
server.c:127:21: warning: incompatible integer to pointer conversion passing
      'int' to parameter of type 'const char *' [-Wint-conversion]
                                strcat(ret_str, '\n');
                                                ^~~~
/Applications/Xcode.app/Contents/Developer/Platforms/MacOSX.platform/Developer/SDKs/MacOSX10.12.sdk/usr/include/secure/_string.h:125:33: note: 
      expanded from macro 'strcat'
  __builtin___strcat_chk (dest, src, __darwin_obsz (dest))
                                ^~~
2 warnings generated.
prajjwaldangal@Prajjwals-MBP:~/Documents/cs/spring17/web programming/SocketProgramming$ ./a.out
n_cap: 3, n_file: 0
if block
return string 8
^C
prajjwaldangal@Prajjwals-MBP:~/Documents/cs/spring17/web programming/SocketProgramming$ gcc server.c
server.c:125:28: warning: format specifies type 'int' but the argument has type
      'long' [-Wformat]
                                sprintf(n_bytes, "%d", bytes);
                                                  ~~   ^~~~~
                                                  %ld
/Applications/Xcode.app/Contents/Developer/Platforms/MacOSX.platform/Developer/SDKs/MacOSX10.12.sdk/usr/include/secure/_stdio.h:47:56: note: 
      expanded from macro 'sprintf'
  __builtin___sprintf_chk (str, 0, __darwin_obsz(str), __VA_ARGS__)
                                                       ^~~~~~~~~~~
server.c:127:21: warning: incompatible integer to pointer conversion passing
      'int' to parameter of type 'const char *' [-Wint-conversion]
                                strcat(ret_str, '\n');
                                                ^~~~
/Applications/Xcode.app/Contents/Developer/Platforms/MacOSX.platform/Developer/SDKs/MacOSX10.12.sdk/usr/include/secure/_string.h:125:33: note: 
      expanded from macro 'strcat'
  __builtin___strcat_chk (dest, src, __darwin_obsz (dest))
                                ^~~
2 warnings generated.
prajjwaldangal@Prajjwals-MBP:~/Documents/cs/spring17/web programming/SocketProgramming$ ./a.out
n_cap: 3, n_file: 0
if block
return string 8
^C
prajjwaldangal@Prajjwals-MBP:~/Documents/cs/spring17/web programming/SocketProgramming$ gcc server.c
server.c:125:28: warning: format specifies type 'int' but the argument has type
      'long' [-Wformat]
                                sprintf(n_bytes, "%d", bytes);
                                                  ~~   ^~~~~
                                                  %ld
/Applications/Xcode.app/Contents/Developer/Platforms/MacOSX.platform/Developer/SDKs/MacOSX10.12.sdk/usr/include/secure/_stdio.h:47:56: note: 
      expanded from macro 'sprintf'
  __builtin___sprintf_chk (str, 0, __darwin_obsz(str), __VA_ARGS__)
                                                       ^~~~~~~~~~~
server.c:127:21: warning: incompatible integer to pointer conversion passing
      'int' to parameter of type 'const char *' [-Wint-conversion]
                                strcat(ret_str, '\n');
                                                ^~~~
/Applications/Xcode.app/Contents/Developer/Platforms/MacOSX.platform/Developer/SDKs/MacOSX10.12.sdk/usr/include/secure/_string.h:125:33: note: 
      expanded from macro 'strcat'
  __builtin___strcat_chk (dest, src, __darwin_obsz (dest))
                                ^~~
2 warnings generated.
prajjwaldangal@Prajjwals-MBP:~/Documents/cs/spring17/web programming/SocketProgramming$ ./a.out
n_cap: 3, n_file: 0
if block
return string 5
^C
prajjwaldangal@Prajjwals-MBP:~/Documents/cs/spring17/web programming/SocketProgramming$ gcc server.c
server.c:125:28: warning: format specifies type 'int' but the argument has type
      'long' [-Wformat]
                                sprintf(n_bytes, "%d", bytes);
                                                  ~~   ^~~~~
                                                  %ld
/Applications/Xcode.app/Contents/Developer/Platforms/MacOSX.platform/Developer/SDKs/MacOSX10.12.sdk/usr/include/secure/_stdio.h:47:56: note: 
      expanded from macro 'sprintf'
  __builtin___sprintf_chk (str, 0, __darwin_obsz(str), __VA_ARGS__)
                                                       ^~~~~~~~~~~
server.c:127:21: warning: incompatible integer to pointer conversion passing
      'int' to parameter of type 'const char *' [-Wint-conversion]
                                strcat(ret_str, '\n');
                                                ^~~~
/Applications/Xcode.app/Contents/Developer/Platforms/MacOSX.platform/Developer/SDKs/MacOSX10.12.sdk/usr/include/secure/_string.h:125:33: note: 
      expanded from macro 'strcat'
  __builtin___strcat_chk (dest, src, __darwin_obsz (dest))
                                ^~~
2 warnings generated.
prajjwaldangal@Prajjwals-MBP:~/Documents/cs/spring17/web programming/SocketProgramming$ ./a.out
n_cap: 3, n_file: 0
if block
return string 6
^C
prajjwaldangal@Prajjwals-MBP:~/Documents/cs/spring17/web programming/SocketProgramming$ gcc server.c
server.c:127:28: warning: format specifies type 'int' but the argument has type
      'long' [-Wformat]
                                sprintf(n_bytes, "%d", bytes);
                                                  ~~   ^~~~~
                                                  %ld
/Applications/Xcode.app/Contents/Developer/Platforms/MacOSX.platform/Developer/SDKs/MacOSX10.12.sdk/usr/include/secure/_stdio.h:47:56: note: 
      expanded from macro 'sprintf'
  __builtin___sprintf_chk (str, 0, __darwin_obsz(str), __VA_ARGS__)
                                                       ^~~~~~~~~~~
server.c:129:21: warning: incompatible integer to pointer conversion passing
      'int' to parameter of type 'const char *' [-Wint-conversion]
                                strcat(ret_str, '\n');
                                                ^~~~
/Applications/Xcode.app/Contents/Developer/Platforms/MacOSX.platform/Developer/SDKs/MacOSX10.12.sdk/usr/include/secure/_string.h:125:33: note: 
      expanded from macro 'strcat'
  __builtin___strcat_chk (dest, src, __darwin_obsz (dest))
                                ^~~
2 warnings generated.
prajjwaldangal@Prajjwals-MBP:~/Documents/cs/spring17/web programming/SocketProgramming$ ./a.out
n_cap: 3, n_file: 0
if block
return string 7return string 7
return string 7
^C
prajjwaldangal@Prajjwals-MBP:~/Documents/cs/spring17/web programming/SocketProgramming$ gcc server.c
server.c:125:28: warning: format specifies type 'int' but the argument has type
      'long' [-Wformat]
                                sprintf(n_bytes, "%d", bytes);
                                                  ~~   ^~~~~
                                                  %ld
/Applications/Xcode.app/Contents/Developer/Platforms/MacOSX.platform/Developer/SDKs/MacOSX10.12.sdk/usr/include/secure/_stdio.h:47:56: note: 
      expanded from macro 'sprintf'
  __builtin___sprintf_chk (str, 0, __darwin_obsz(str), __VA_ARGS__)
                                                       ^~~~~~~~~~~
server.c:127:21: warning: incompatible integer to pointer conversion passing
      'int' to parameter of type 'const char *' [-Wint-conversion]
                                strcat(ret_str, '\n');
                                                ^~~~
/Applications/Xcode.app/Contents/Developer/Platforms/MacOSX.platform/Developer/SDKs/MacOSX10.12.sdk/usr/include/secure/_string.h:125:33: note: 
      expanded from macro 'strcat'
  __builtin___strcat_chk (dest, src, __darwin_obsz (dest))
                                ^~~
2 warnings generated.
prajjwaldangal@Prajjwals-MBP:~/Documents/cs/spring17/web programming/SocketProgramming$ ./a.out
n_cap: 3, n_file: 0
if block
^C
prajjwaldangal@Prajjwals-MBP:~/Documents/cs/spring17/web programming/SocketProgramming$ gcc server.c
server.c:125:28: warning: format specifies type 'int' but the argument has type
      'long' [-Wformat]
                                sprintf(n_bytes, "%d", bytes);
                                                  ~~   ^~~~~
                                                  %ld
/Applications/Xcode.app/Contents/Developer/Platforms/MacOSX.platform/Developer/SDKs/MacOSX10.12.sdk/usr/include/secure/_stdio.h:47:56: note: 
      expanded from macro 'sprintf'
  __builtin___sprintf_chk (str, 0, __darwin_obsz(str), __VA_ARGS__)
                                                       ^~~~~~~~~~~
server.c:127:21: warning: incompatible integer to pointer conversion passing
      'int' to parameter of type 'const char *' [-Wint-conversion]
                                strcat(ret_str, '\n');
                                                ^~~~
/Applications/Xcode.app/Contents/Developer/Platforms/MacOSX.platform/Developer/SDKs/MacOSX10.12.sdk/usr/include/secure/_string.h:125:33: note: 
      expanded from macro 'strcat'
  __builtin___strcat_chk (dest, src, __darwin_obsz (dest))
                                ^~~
2 warnings generated.
prajjwaldangal@Prajjwals-MBP:~/Documents/cs/spring17/web programming/SocketProgramming$ ./a.out
n_cap: 3, n_file: 0
if block
^C
prajjwaldangal@Prajjwals-MBP:~/Documents/cs/spring17/web programming/SocketProgramming$ gcc server.c
server.c:125:28: warning: format specifies type 'int' but the argument has type
      'long' [-Wformat]
                                sprintf(n_bytes, "%d", bytes);
                                                  ~~   ^~~~~
                                                  %ld
/Applications/Xcode.app/Contents/Developer/Platforms/MacOSX.platform/Developer/SDKs/MacOSX10.12.sdk/usr/include/secure/_stdio.h:47:56: note: 
      expanded from macro 'sprintf'
  __builtin___sprintf_chk (str, 0, __darwin_obsz(str), __VA_ARGS__)
                                                       ^~~~~~~~~~~
server.c:127:21: warning: incompatible integer to pointer conversion passing
      'int' to parameter of type 'const char *' [-Wint-conversion]
                                strcat(ret_str, '\n');
                                                ^~~~
/Applications/Xcode.app/Contents/Developer/Platforms/MacOSX.platform/Developer/SDKs/MacOSX10.12.sdk/usr/include/secure/_string.h:125:33: note: 
      expanded from macro 'strcat'
  __builtin___strcat_chk (dest, src, __darwin_obsz (dest))
                                ^~~
2 warnings generated.
prajjwaldangal@Prajjwals-MBP:~/Documents/cs/spring17/web programming/SocketProgramming$ ./a.out
n_cap: 3, n_file: 0
if block
^C
prajjwaldangal@Prajjwals-MBP:~/Documents/cs/spring17/web programming/SocketProgramming$ gcc server.c
server.c:125:28: warning: format specifies type 'int' but the argument has type
      'long' [-Wformat]
                                sprintf(n_bytes, "%d", bytes);
                                                  ~~   ^~~~~
                                                  %ld
/Applications/Xcode.app/Contents/Developer/Platforms/MacOSX.platform/Developer/SDKs/MacOSX10.12.sdk/usr/include/secure/_stdio.h:47:56: note: 
      expanded from macro 'sprintf'
  __builtin___sprintf_chk (str, 0, __darwin_obsz(str), __VA_ARGS__)
                                                       ^~~~~~~~~~~
server.c:127:21: warning: incompatible integer to pointer conversion passing
      'int' to parameter of type 'const char *' [-Wint-conversion]
                                strcat(ret_str, '\n');
                                                ^~~~
/Applications/Xcode.app/Contents/Developer/Platforms/MacOSX.platform/Developer/SDKs/MacOSX10.12.sdk/usr/include/secure/_string.h:125:33: note: 
      expanded from macro 'strcat'
  __builtin___strcat_chk (dest, src, __darwin_obsz (dest))
                                ^~~
2 warnings generated.
prajjwaldangal@Prajjwals-MBP:~/Documents/cs/spring17/web programming/SocketProgramming$ ./a.out
^C
prajjwaldangal@Prajjwals-MBP:~/Documents/cs/spring17/web programming/SocketProgramming$ gcc server.c
server.c:125:28: warning: format specifies type 'int' but the argument has type
      'long' [-Wformat]
                                sprintf(n_bytes, "%d", bytes);
                                                  ~~   ^~~~~
                                                  %ld
/Applications/Xcode.app/Contents/Developer/Platforms/MacOSX.platform/Developer/SDKs/MacOSX10.12.sdk/usr/include/secure/_stdio.h:47:56: note: 
      expanded from macro 'sprintf'
  __builtin___sprintf_chk (str, 0, __darwin_obsz(str), __VA_ARGS__)
                                                       ^~~~~~~~~~~
server.c:127:21: warning: incompatible integer to pointer conversion passing
      'int' to parameter of type 'const char *' [-Wint-conversion]
                                strcat(ret_str, '\n');
                                                ^~~~
/Applications/Xcode.app/Contents/Developer/Platforms/MacOSX.platform/Developer/SDKs/MacOSX10.12.sdk/usr/include/secure/_string.h:125:33: note: 
      expanded from macro 'strcat'
  __builtin___strcat_chk (dest, src, __darwin_obsz (dest))
                                ^~~
2 warnings generated.
prajjwaldangal@Prajjwals-MBP:~/Documents/cs/spring17/web programming/SocketProgramming$ ./a.out 2002
^C
prajjwaldangal@Prajjwals-MBP:~/Documents/cs/spring17/web programming/SocketProgramming$ gcc server.c
server.c:117:35: error: use of undeclared identifier 's'
                                strcat(ret_str, &newLineChar);s
                                                              ^
server.c:125:28: warning: format specifies type 'int' but the argument has type
      'long' [-Wformat]
                                sprintf(n_bytes, "%d", bytes);
                                                  ~~   ^~~~~
                                                  %ld
/Applications/Xcode.app/Contents/Developer/Platforms/MacOSX.platform/Developer/SDKs/MacOSX10.12.sdk/usr/include/secure/_stdio.h:47:56: note: 
      expanded from macro 'sprintf'
  __builtin___sprintf_chk (str, 0, __darwin_obsz(str), __VA_ARGS__)
                                                       ^~~~~~~~~~~
server.c:127:21: warning: incompatible integer to pointer conversion passing
      'int' to parameter of type 'const char *' [-Wint-conversion]
                                strcat(ret_str, '\n');
                                                ^~~~
/Applications/Xcode.app/Contents/Developer/Platforms/MacOSX.platform/Developer/SDKs/MacOSX10.12.sdk/usr/include/secure/_string.h:125:33: note: 
      expanded from macro 'strcat'
  __builtin___strcat_chk (dest, src, __darwin_obsz (dest))
                                ^~~
2 warnings and 1 error generated.
prajjwaldangal@Prajjwals-MBP:~/Documents/cs/spring17/web programming/SocketProgramming$ gcc server.c
server.c:125:28: warning: format specifies type 'int' but the argument has type
      'long' [-Wformat]
                                sprintf(n_bytes, "%d", bytes);
                                                  ~~   ^~~~~
                                                  %ld
/Applications/Xcode.app/Contents/Developer/Platforms/MacOSX.platform/Developer/SDKs/MacOSX10.12.sdk/usr/include/secure/_stdio.h:47:56: note: 
      expanded from macro 'sprintf'
  __builtin___sprintf_chk (str, 0, __darwin_obsz(str), __VA_ARGS__)
                                                       ^~~~~~~~~~~
server.c:127:21: warning: incompatible integer to pointer conversion passing
      'int' to parameter of type 'const char *' [-Wint-conversion]
                                strcat(ret_str, '\n');
                                                ^~~~
/Applications/Xcode.app/Contents/Developer/Platforms/MacOSX.platform/Developer/SDKs/MacOSX10.12.sdk/usr/include/secure/_string.h:125:33: note: 
      expanded from macro 'strcat'
  __builtin___strcat_chk (dest, src, __darwin_obsz (dest))
                                ^~~
2 warnings generated.
prajjwaldangal@Prajjwals-MBP:~/Documents/cs/spring17/web programming/SocketProgramming$ ./a.out 2002
^C
prajjwaldangal@Prajjwals-MBP:~/Documents/cs/spring17/web programming/SocketProgramming$ gcc server.c
server.c:127:28: warning: format specifies type 'int' but the argument has type
      'long' [-Wformat]
                                sprintf(n_bytes, "%d", bytes);
                                                  ~~   ^~~~~
                                                  %ld
/Applications/Xcode.app/Contents/Developer/Platforms/MacOSX.platform/Developer/SDKs/MacOSX10.12.sdk/usr/include/secure/_stdio.h:47:56: note: 
      expanded from macro 'sprintf'
  __builtin___sprintf_chk (str, 0, __darwin_obsz(str), __VA_ARGS__)
                                                       ^~~~~~~~~~~
server.c:129:21: warning: incompatible integer to pointer conversion passing
      'int' to parameter of type 'const char *' [-Wint-conversion]
                                strcat(ret_str, '\n');
                                                ^~~~
/Applications/Xcode.app/Contents/Developer/Platforms/MacOSX.platform/Developer/SDKs/MacOSX10.12.sdk/usr/include/secure/_string.h:125:33: note: 
      expanded from macro 'strcat'
  __builtin___strcat_chk (dest, src, __darwin_obsz (dest))
                                ^~~
2 warnings generated.
prajjwaldangal@Prajjwals-MBP:~/Documents/cs/spring17/web programming/SocketProgramming$ ./a.out 2002
^C
prajjwaldangal@Prajjwals-MBP:~/Documents/cs/spring17/web programming/SocketProgramming$ gcc server.c
server.c:128:28: warning: format specifies type 'int' but the argument has type
      'long' [-Wformat]
                                sprintf(n_bytes, "%d", bytes);
                                                  ~~   ^~~~~
                                                  %ld
/Applications/Xcode.app/Contents/Developer/Platforms/MacOSX.platform/Developer/SDKs/MacOSX10.12.sdk/usr/include/secure/_stdio.h:47:56: note: 
      expanded from macro 'sprintf'
  __builtin___sprintf_chk (str, 0, __darwin_obsz(str), __VA_ARGS__)
                                                       ^~~~~~~~~~~
server.c:130:21: warning: incompatible integer to pointer conversion passing
      'int' to parameter of type 'const char *' [-Wint-conversion]
                                strcat(ret_str, '\n');
                                                ^~~~
/Applications/Xcode.app/Contents/Developer/Platforms/MacOSX.platform/Developer/SDKs/MacOSX10.12.sdk/usr/include/secure/_string.h:125:33: note: 
      expanded from macro 'strcat'
  __builtin___strcat_chk (dest, src, __darwin_obsz (dest))
                                ^~~
2 warnings generated.
prajjwaldangal@Prajjwals-MBP:~/Documents/cs/spring17/web programming/SocketProgramming$ ./a.out 2002
n_cap: 3, n_file: 0
if block
return string 5
^C
prajjwaldangal@Prajjwals-MBP:~/Documents/cs/spring17/web programming/SocketProgramming$ gcc server.c
server.c:117:28: warning: format specifies type 'int' but the argument has type
      'long' [-Wformat]
                                sprintf(n_bytes, "%d", bytes);
                                                  ~~   ^~~~~
                                                  %ld
/Applications/Xcode.app/Contents/Developer/Platforms/MacOSX.platform/Developer/SDKs/MacOSX10.12.sdk/usr/include/secure/_stdio.h:47:56: note: 
      expanded from macro 'sprintf'
  __builtin___sprintf_chk (str, 0, __darwin_obsz(str), __VA_ARGS__)
                                                       ^~~~~~~~~~~
server.c:119:21: warning: incompatible integer to pointer conversion passing
      'int' to parameter of type 'const char *' [-Wint-conversion]
                                strcat(ret_str, '\n');
                                                ^~~~
/Applications/Xcode.app/Contents/Developer/Platforms/MacOSX.platform/Developer/SDKs/MacOSX10.12.sdk/usr/include/secure/_string.h:125:33: note: 
      expanded from macro 'strcat'
  __builtin___strcat_chk (dest, src, __darwin_obsz (dest))
                                ^~~
2 warnings generated.
prajjwaldangal@Prajjwals-MBP:~/Documents/cs/spring17/web programming/SocketProgramming$ ./a.out 2002
n_cap: 3, n_file: 0
if block
return string 5
n_cap: 0, n_file: 3
file path: myfile.txtFile size 54
Segmentation fault: 11
prajjwaldangal@Prajjwals-MBP:~/Documents/cs/spring17/web programming/SocketProgramming$ gcc server.c
server.c:117:28: warning: format specifies type 'int' but the argument has type
      'long' [-Wformat]
                                sprintf(n_bytes, "%d", bytes);
                                                  ~~   ^~~~~
                                                  %ld
/Applications/Xcode.app/Contents/Developer/Platforms/MacOSX.platform/Developer/SDKs/MacOSX10.12.sdk/usr/include/secure/_stdio.h:47:56: note: 
      expanded from macro 'sprintf'
  __builtin___sprintf_chk (str, 0, __darwin_obsz(str), __VA_ARGS__)
                                                       ^~~~~~~~~~~
server.c:119:21: warning: incompatible integer to pointer conversion passing
      'int' to parameter of type 'const char *' [-Wint-conversion]
                                strcat(ret_str, '\n');
                                                ^~~~
/Applications/Xcode.app/Contents/Developer/Platforms/MacOSX.platform/Developer/SDKs/MacOSX10.12.sdk/usr/include/secure/_string.h:125:33: note: 
      expanded from macro 'strcat'
  __builtin___strcat_chk (dest, src, __darwin_obsz (dest))
                                ^~~
2 warnings generated.
prajjwaldangal@Prajjwals-MBP:~/Documents/cs/spring17/web programming/SocketProgramming$ ./a.out 2002
^C
prajjwaldangal@Prajjwals-MBP:~/Documents/cs/spring17/web programming/SocketProgramming$ gcc server.c
server.c:117:28: warning: format specifies type 'int' but the argument has type
      'long' [-Wformat]
                                sprintf(n_bytes, "%d", bytes);
                                                  ~~   ^~~~~
                                                  %ld
/Applications/Xcode.app/Contents/Developer/Platforms/MacOSX.platform/Developer/SDKs/MacOSX10.12.sdk/usr/include/secure/_stdio.h:47:56: note: 
      expanded from macro 'sprintf'
  __builtin___sprintf_chk (str, 0, __darwin_obsz(str), __VA_ARGS__)
                                                       ^~~~~~~~~~~
server.c:119:21: warning: incompatible integer to pointer conversion passing
      'int' to parameter of type 'const char *' [-Wint-conversion]
                                strcat(ret_str, '\n');
                                                ^~~~
/Applications/Xcode.app/Contents/Developer/Platforms/MacOSX.platform/Developer/SDKs/MacOSX10.12.sdk/usr/include/secure/_string.h:125:33: note: 
      expanded from macro 'strcat'
  __builtin___strcat_chk (dest, src, __darwin_obsz (dest))
                                ^~~
2 warnings generated.
prajjwaldangal@Prajjwals-MBP:~/Documents/cs/spring17/web programming/SocketProgramming$ ./a.out 2002
n_cap: 3, n_file: 0
if block
return string 4
^[[A^C
prajjwaldangal@Prajjwals-MBP:~/Documents/cs/spring17/web programming/SocketProgramming$ gcc server.c
server.c:117:28: warning: format specifies type 'int' but the argument has type
      'long' [-Wformat]
                                sprintf(n_bytes, "%d", bytes);
                                                  ~~   ^~~~~
                                                  %ld
/Applications/Xcode.app/Contents/Developer/Platforms/MacOSX.platform/Developer/SDKs/MacOSX10.12.sdk/usr/include/secure/_stdio.h:47:56: note: 
      expanded from macro 'sprintf'
  __builtin___sprintf_chk (str, 0, __darwin_obsz(str), __VA_ARGS__)
                                                       ^~~~~~~~~~~
server.c:119:21: warning: incompatible integer to pointer conversion passing
      'int' to parameter of type 'const char *' [-Wint-conversion]
                                strcat(ret_str, '\n');
                                                ^~~~
/Applications/Xcode.app/Contents/Developer/Platforms/MacOSX.platform/Developer/SDKs/MacOSX10.12.sdk/usr/include/secure/_string.h:125:33: note: 
      expanded from macro 'strcat'
  __builtin___strcat_chk (dest, src, __darwin_obsz (dest))
                                ^~~
2 warnings generated.
prajjwaldangal@Prajjwals-MBP:~/Documents/cs/spring17/web programming/SocketProgramming$ ./a.out 2002
n_cap: 3, n_file: 0
if block
return string 3
^C
prajjwaldangal@Prajjwals-MBP:~/Documents/cs/spring17/web programming/SocketProgramming$ gcc server.c
server.c:117:28: warning: format specifies type 'int' but the argument has type
      'long' [-Wformat]
                                sprintf(n_bytes, "%d", bytes);
                                                  ~~   ^~~~~
                                                  %ld
/Applications/Xcode.app/Contents/Developer/Platforms/MacOSX.platform/Developer/SDKs/MacOSX10.12.sdk/usr/include/secure/_stdio.h:47:56: note: 
      expanded from macro 'sprintf'
  __builtin___sprintf_chk (str, 0, __darwin_obsz(str), __VA_ARGS__)
                                                       ^~~~~~~~~~~
server.c:119:21: warning: incompatible integer to pointer conversion passing
      'int' to parameter of type 'const char *' [-Wint-conversion]
                                strcat(ret_str, '\n');
                                                ^~~~
/Applications/Xcode.app/Contents/Developer/Platforms/MacOSX.platform/Developer/SDKs/MacOSX10.12.sdk/usr/include/secure/_string.h:125:33: note: 
      expanded from macro 'strcat'
  __builtin___strcat_chk (dest, src, __darwin_obsz (dest))
                                ^~~
2 warnings generated.
prajjwaldangal@Prajjwals-MBP:~/Documents/cs/spring17/web programming/SocketProgramming$ ./a.out 2002
n_cap: 3, n_file: 0
if block
return string 4
^C
prajjwaldangal@Prajjwals-MBP:~/Documents/cs/spring17/web programming/SocketProgramming$ gcc server.c
server.c:117:28: warning: format specifies type 'int' but the argument has type
      'long' [-Wformat]
                                sprintf(n_bytes, "%d", bytes);
                                                  ~~   ^~~~~
                                                  %ld
/Applications/Xcode.app/Contents/Developer/Platforms/MacOSX.platform/Developer/SDKs/MacOSX10.12.sdk/usr/include/secure/_stdio.h:47:56: note: 
      expanded from macro 'sprintf'
  __builtin___sprintf_chk (str, 0, __darwin_obsz(str), __VA_ARGS__)
                                                       ^~~~~~~~~~~
server.c:119:21: warning: incompatible integer to pointer conversion passing
      'int' to parameter of type 'const char *' [-Wint-conversion]
                                strcat(ret_str, '\n');
                                                ^~~~
/Applications/Xcode.app/Contents/Developer/Platforms/MacOSX.platform/Developer/SDKs/MacOSX10.12.sdk/usr/include/secure/_string.h:125:33: note: 
      expanded from macro 'strcat'
  __builtin___strcat_chk (dest, src, __darwin_obsz (dest))
                                ^~~
2 warnings generated.
prajjwaldangal@Prajjwals-MBP:~/Documents/cs/spring17/web programming/SocketProgramming$ ./a.out 2002
n_cap: 3, n_file: 0
if block
return string 390130028
^C
prajjwaldangal@Prajjwals-MBP:~/Documents/cs/spring17/web programming/SocketProgramming$ gcc server.c
server.c:117:28: warning: format specifies type 'int' but the argument has type
      'long' [-Wformat]
                                sprintf(n_bytes, "%d", bytes);
                                                  ~~   ^~~~~
                                                  %ld
/Applications/Xcode.app/Contents/Developer/Platforms/MacOSX.platform/Developer/SDKs/MacOSX10.12.sdk/usr/include/secure/_stdio.h:47:56: note: 
      expanded from macro 'sprintf'
  __builtin___sprintf_chk (str, 0, __darwin_obsz(str), __VA_ARGS__)
                                                       ^~~~~~~~~~~
server.c:119:21: warning: incompatible integer to pointer conversion passing
      'int' to parameter of type 'const char *' [-Wint-conversion]
                                strcat(ret_str, '\n');
                                                ^~~~
/Applications/Xcode.app/Contents/Developer/Platforms/MacOSX.platform/Developer/SDKs/MacOSX10.12.sdk/usr/include/secure/_string.h:125:33: note: 
      expanded from macro 'strcat'
  __builtin___strcat_chk (dest, src, __darwin_obsz (dest))
                                ^~~
server.c:120:29: error: too many arguments to function call, expected 0, have 1
                                strcat(ret_str, getchar(fp));
                                                ~~~~~~~ ^~
/Applications/Xcode.app/Contents/Developer/Platforms/MacOSX.platform/Developer/SDKs/MacOSX10.12.sdk/usr/include/secure/_string.h:125:33: note: 
      expanded from macro 'strcat'
  __builtin___strcat_chk (dest, src, __darwin_obsz (dest))
                                ^~~
/Applications/Xcode.app/Contents/Developer/Platforms/MacOSX.platform/Developer/SDKs/MacOSX10.12.sdk/usr/include/stdio.h:256:1: note: 
      'getchar' declared here
int      getchar(void);
^
server.c:122:20: error: too many arguments to function call, expected 0, have 1
                                while (getchar(fp) != EOF) {
                                       ~~~~~~~ ^~
/Applications/Xcode.app/Contents/Developer/Platforms/MacOSX.platform/Developer/SDKs/MacOSX10.12.sdk/usr/include/stdio.h:256:1: note: 
      'getchar' declared here
int      getchar(void);
^
server.c:127:31: error: too many arguments to function call, expected 0, have 1
                                                strcat(ret_str, getchar(fp));
                                                                ~~~~~~~ ^~
/Applications/Xcode.app/Contents/Developer/Platforms/MacOSX.platform/Developer/SDKs/MacOSX10.12.sdk/usr/include/secure/_string.h:125:33: note: 
      expanded from macro 'strcat'
  __builtin___strcat_chk (dest, src, __darwin_obsz (dest))
                                ^~~
/Applications/Xcode.app/Contents/Developer/Platforms/MacOSX.platform/Developer/SDKs/MacOSX10.12.sdk/usr/include/stdio.h:256:1: note: 
      'getchar' declared here
int      getchar(void);
^
2 warnings and 3 errors generated.
prajjwaldangal@Prajjwals-MBP:~/Documents/cs/spring17/web programming/SocketProgramming$ gcc server.c
server.c:117:28: warning: format specifies type 'int' but the argument has type
      'long' [-Wformat]
                                sprintf(n_bytes, "%d", bytes);
                                                  ~~   ^~~~~
                                                  %ld
/Applications/Xcode.app/Contents/Developer/Platforms/MacOSX.platform/Developer/SDKs/MacOSX10.12.sdk/usr/include/secure/_stdio.h:47:56: note: 
      expanded from macro 'sprintf'
  __builtin___sprintf_chk (str, 0, __darwin_obsz(str), __VA_ARGS__)
                                                       ^~~~~~~~~~~
server.c:119:21: warning: incompatible integer to pointer conversion passing
      'int' to parameter of type 'const char *' [-Wint-conversion]
                                strcat(ret_str, '\n');
                                                ^~~~
/Applications/Xcode.app/Contents/Developer/Platforms/MacOSX.platform/Developer/SDKs/MacOSX10.12.sdk/usr/include/secure/_string.h:125:33: note: 
      expanded from macro 'strcat'
  __builtin___strcat_chk (dest, src, __darwin_obsz (dest))
                                ^~~
server.c:120:29: error: too many arguments to function call, expected 0, have 1
                                strcat(ret_str, getchar(fp));
                                                ~~~~~~~ ^~
/Applications/Xcode.app/Contents/Developer/Platforms/MacOSX.platform/Developer/SDKs/MacOSX10.12.sdk/usr/include/secure/_string.h:125:33: note: 
      expanded from macro 'strcat'
  __builtin___strcat_chk (dest, src, __darwin_obsz (dest))
                                ^~~
/Applications/Xcode.app/Contents/Developer/Platforms/MacOSX.platform/Developer/SDKs/MacOSX10.12.sdk/usr/include/stdio.h:256:1: note: 
      'getchar' declared here
int      getchar(void);
^
2 warnings and 1 error generated.
prajjwaldangal@Prajjwals-MBP:~/Documents/cs/spring17/web programming/SocketProgramming$ gcc server.c
server.c:118:28: warning: format specifies type 'int' but the argument has type
      'long' [-Wformat]
                                sprintf(n_bytes, "%d", bytes);
                                                  ~~   ^~~~~
                                                  %ld
/Applications/Xcode.app/Contents/Developer/Platforms/MacOSX.platform/Developer/SDKs/MacOSX10.12.sdk/usr/include/secure/_stdio.h:47:56: note: 
      expanded from macro 'sprintf'
  __builtin___sprintf_chk (str, 0, __darwin_obsz(str), __VA_ARGS__)
                                                       ^~~~~~~~~~~
server.c:120:21: warning: incompatible integer to pointer conversion passing
      'int' to parameter of type 'const char *' [-Wint-conversion]
                                strcat(ret_str, '\n');
                                                ^~~~
/Applications/Xcode.app/Contents/Developer/Platforms/MacOSX.platform/Developer/SDKs/MacOSX10.12.sdk/usr/include/secure/_string.h:125:33: note: 
      expanded from macro 'strcat'
  __builtin___strcat_chk (dest, src, __darwin_obsz (dest))
                                ^~~
2 warnings generated.
prajjwaldangal@Prajjwals-MBP:~/Documents/cs/spring17/web programming/SocketProgramming$ rm a.out
prajjwaldangal@Prajjwals-MBP:~/Documents/cs/spring17/web programming/SocketProgramming$ gcc server.c
server.c:118:28: warning: format specifies type 'int' but the argument has type
      'long' [-Wformat]
                                sprintf(n_bytes, "%d", bytes);
                                                  ~~   ^~~~~
                                                  %ld
/Applications/Xcode.app/Contents/Developer/Platforms/MacOSX.platform/Developer/SDKs/MacOSX10.12.sdk/usr/include/secure/_stdio.h:47:56: note: 
      expanded from macro 'sprintf'
  __builtin___sprintf_chk (str, 0, __darwin_obsz(str), __VA_ARGS__)
                                                       ^~~~~~~~~~~
server.c:120:21: warning: incompatible integer to pointer conversion passing
      'int' to parameter of type 'const char *' [-Wint-conversion]
                                strcat(ret_str, '\n');
                                                ^~~~
/Applications/Xcode.app/Contents/Developer/Platforms/MacOSX.platform/Developer/SDKs/MacOSX10.12.sdk/usr/include/secure/_string.h:125:33: note: 
      expanded from macro 'strcat'
  __builtin___strcat_chk (dest, src, __darwin_obsz (dest))
                                ^~~
2 warnings generated.
prajjwaldangal@Prajjwals-MBP:~/Documents/cs/spring17/web programming/SocketProgramming$ ./a.out 2002
n_cap: 3, n_file: 0
if block
441133423
return string 441133423
^C
prajjwaldangal@Prajjwals-MBP:~/Documents/cs/spring17/web programming/SocketProgramming$ gcc server.c
server.c:121:28: warning: format specifies type 'int' but the argument has type
      'long' [-Wformat]
                                sprintf(n_bytes, "%d", bytes);
                                                  ~~   ^~~~~
                                                  %ld
/Applications/Xcode.app/Contents/Developer/Platforms/MacOSX.platform/Developer/SDKs/MacOSX10.12.sdk/usr/include/secure/_stdio.h:47:56: note: 
      expanded from macro 'sprintf'
  __builtin___sprintf_chk (str, 0, __darwin_obsz(str), __VA_ARGS__)
                                                       ^~~~~~~~~~~
server.c:123:21: warning: incompatible integer to pointer conversion passing
      'int' to parameter of type 'const char *' [-Wint-conversion]
                                strcat(ret_str, '\n');
                                                ^~~~
/Applications/Xcode.app/Contents/Developer/Platforms/MacOSX.platform/Developer/SDKs/MacOSX10.12.sdk/usr/include/secure/_string.h:125:33: note: 
      expanded from macro 'strcat'
  __builtin___strcat_chk (dest, src, __darwin_obsz (dest))
                                ^~~
2 warnings generated.
prajjwaldangal@Prajjwals-MBP:~/Documents/cs/spring17/web programming/SocketProgramming$ ./a.out 2002
n_cap: 3, n_file: 0
if block
^C
prajjwaldangal@Prajjwals-MBP:~/Documents/cs/spring17/web programming/SocketProgramming$ gcc server.c
server.c:118:28: warning: format specifies type 'int' but the argument has type
      'long' [-Wformat]
                                sprintf(n_bytes, "%d", bytes);
                                                  ~~   ^~~~~
                                                  %ld
/Applications/Xcode.app/Contents/Developer/Platforms/MacOSX.platform/Developer/SDKs/MacOSX10.12.sdk/usr/include/secure/_stdio.h:47:56: note: 
      expanded from macro 'sprintf'
  __builtin___sprintf_chk (str, 0, __darwin_obsz(str), __VA_ARGS__)
                                                       ^~~~~~~~~~~
server.c:120:21: warning: incompatible integer to pointer conversion passing
      'int' to parameter of type 'const char *' [-Wint-conversion]
                                strcat(ret_str, '\n');
                                                ^~~~
/Applications/Xcode.app/Contents/Developer/Platforms/MacOSX.platform/Developer/SDKs/MacOSX10.12.sdk/usr/include/secure/_string.h:125:33: note: 
      expanded from macro 'strcat'
  __builtin___strcat_chk (dest, src, __darwin_obsz (dest))
                                ^~~
2 warnings generated.
prajjwaldangal@Prajjwals-MBP:~/Documents/cs/spring17/web programming/SocketProgramming$ ./a.out 2002
n_cap: 3, n_file: 0
if block
return string 4
^C
prajjwaldangal@Prajjwals-MBP:~/Documents/cs/spring17/web programming/SocketProgramming$ gcc server.c
server.c:96:20: warning: incompatible pointer types passing 'char (*)[4]' to
      parameter of type 'const char *' [-Wincompatible-pointer-types]
                        strcat(ret_str, &conv);
                                        ^~~~~
/Applications/Xcode.app/Contents/Developer/Platforms/MacOSX.platform/Developer/SDKs/MacOSX10.12.sdk/usr/include/secure/_string.h:125:33: note: 
      expanded from macro 'strcat'
  __builtin___strcat_chk (dest, src, __darwin_obsz (dest))
                                ^~~
server.c:118:28: warning: format specifies type 'int' but the argument has type
      'long' [-Wformat]
                                sprintf(n_bytes, "%d", bytes);
                                                  ~~   ^~~~~
                                                  %ld
/Applications/Xcode.app/Contents/Developer/Platforms/MacOSX.platform/Developer/SDKs/MacOSX10.12.sdk/usr/include/secure/_stdio.h:47:56: note: 
      expanded from macro 'sprintf'
  __builtin___sprintf_chk (str, 0, __darwin_obsz(str), __VA_ARGS__)
                                                       ^~~~~~~~~~~
server.c:120:21: warning: incompatible integer to pointer conversion passing
      'int' to parameter of type 'const char *' [-Wint-conversion]
                                strcat(ret_str, '\n');
                                                ^~~~
/Applications/Xcode.app/Contents/Developer/Platforms/MacOSX.platform/Developer/SDKs/MacOSX10.12.sdk/usr/include/secure/_string.h:125:33: note: 
      expanded from macro 'strcat'
  __builtin___strcat_chk (dest, src, __darwin_obsz (dest))
                                ^~~
3 warnings generated.
prajjwaldangal@Prajjwals-MBP:~/Documents/cs/spring17/web programming/SocketProgramming$ ./a.out 2002
n_cap: 3, n_file: 0
if block
return string 4
n_cap: 3, n_file: 0
if block
return string 8
^C
prajjwaldangal@Prajjwals-MBP:~/Documents/cs/spring17/web programming/SocketProgramming$ gcc server.c
server.c:95:42: warning: format specifies type 'int' but the argument has type
      'char *' [-Wformat]
                        sprintf(ret_str, "%d%c%s", cap_count, "\n", semi...
                                            ~~                ^~~~
                                            %s
/Applications/Xcode.app/Contents/Developer/Platforms/MacOSX.platform/Developer/SDKs/MacOSX10.12.sdk/usr/include/secure/_stdio.h:47:56: note: 
      expanded from macro 'sprintf'
  __builtin___sprintf_chk (str, 0, __darwin_obsz(str), __VA_ARGS__)
                                                       ^~~~~~~~~~~
server.c:118:28: warning: format specifies type 'int' but the argument has type
      'long' [-Wformat]
                                sprintf(n_bytes, "%d", bytes);
                                                  ~~   ^~~~~
                                                  %ld
/Applications/Xcode.app/Contents/Developer/Platforms/MacOSX.platform/Developer/SDKs/MacOSX10.12.sdk/usr/include/secure/_stdio.h:47:56: note: 
      expanded from macro 'sprintf'
  __builtin___sprintf_chk (str, 0, __darwin_obsz(str), __VA_ARGS__)
                                                       ^~~~~~~~~~~
server.c:120:21: warning: incompatible integer to pointer conversion passing
      'int' to parameter of type 'const char *' [-Wint-conversion]
                                strcat(ret_str, '\n');
                                                ^~~~
/Applications/Xcode.app/Contents/Developer/Platforms/MacOSX.platform/Developer/SDKs/MacOSX10.12.sdk/usr/include/secure/_string.h:125:33: note: 
      expanded from macro 'strcat'
  __builtin___strcat_chk (dest, src, __darwin_obsz (dest))
                                ^~~
3 warnings generated.
prajjwaldangal@Prajjwals-MBP:~/Documents/cs/spring17/web programming/SocketProgramming$ gcc server.c
server.c:118:28: warning: format specifies type 'int' but the argument has type
      'long' [-Wformat]
                                sprintf(n_bytes, "%d", bytes);
                                                  ~~   ^~~~~
                                                  %ld
/Applications/Xcode.app/Contents/Developer/Platforms/MacOSX.platform/Developer/SDKs/MacOSX10.12.sdk/usr/include/secure/_stdio.h:47:56: note: 
      expanded from macro 'sprintf'
  __builtin___sprintf_chk (str, 0, __darwin_obsz(str), __VA_ARGS__)
                                                       ^~~~~~~~~~~
server.c:120:21: warning: incompatible integer to pointer conversion passing
      'int' to parameter of type 'const char *' [-Wint-conversion]
                                strcat(ret_str, '\n');
                                                ^~~~
/Applications/Xcode.app/Contents/Developer/Platforms/MacOSX.platform/Developer/SDKs/MacOSX10.12.sdk/usr/include/secure/_string.h:125:33: note: 
      expanded from macro 'strcat'
  __builtin___strcat_chk (dest, src, __darwin_obsz (dest))
                                ^~~
2 warnings generated.
prajjwaldangal@Prajjwals-MBP:~/Documents/cs/spring17/web programming/SocketProgramming$ ./a.out 2002
n_cap: 3, n_file: 0
if block
return string 8
^[[A^[[B^C
prajjwaldangal@Prajjwals-MBP:~/Documents/cs/spring17/web programming/SocketProgramming$ gcc server.c
server.c:118:28: warning: format specifies type 'int' but the argument has type
      'long' [-Wformat]
                                sprintf(n_bytes, "%d", bytes);
                                                  ~~   ^~~~~
                                                  %ld
/Applications/Xcode.app/Contents/Developer/Platforms/MacOSX.platform/Developer/SDKs/MacOSX10.12.sdk/usr/include/secure/_stdio.h:47:56: note: 
      expanded from macro 'sprintf'
  __builtin___sprintf_chk (str, 0, __darwin_obsz(str), __VA_ARGS__)
                                                       ^~~~~~~~~~~
server.c:120:21: warning: incompatible integer to pointer conversion passing
      'int' to parameter of type 'const char *' [-Wint-conversion]
                                strcat(ret_str, '\n');
                                                ^~~~
/Applications/Xcode.app/Contents/Developer/Platforms/MacOSX.platform/Developer/SDKs/MacOSX10.12.sdk/usr/include/secure/_string.h:125:33: note: 
      expanded from macro 'strcat'
  __builtin___strcat_chk (dest, src, __darwin_obsz (dest))
                                ^~~
2 warnings generated.
prajjwaldangal@Prajjwals-MBP:~/Documents/cs/spring17/web programming/SocketProgramming$ ./a.out 2002
n_cap: 3, n_file: 0
if block
return string 6
^C
prajjwaldangal@Prajjwals-MBP:~/Documents/cs/spring17/web programming/SocketProgramming$ gcc server.c
server.c:116:28: warning: format specifies type 'int' but the argument has type
      'long' [-Wformat]
                                sprintf(n_bytes, "%d", bytes);
                                                  ~~   ^~~~~
                                                  %ld
/Applications/Xcode.app/Contents/Developer/Platforms/MacOSX.platform/Developer/SDKs/MacOSX10.12.sdk/usr/include/secure/_stdio.h:47:56: note: 
      expanded from macro 'sprintf'
  __builtin___sprintf_chk (str, 0, __darwin_obsz(str), __VA_ARGS__)
                                                       ^~~~~~~~~~~
server.c:118:21: warning: incompatible integer to pointer conversion passing
      'int' to parameter of type 'const char *' [-Wint-conversion]
                                strcat(ret_str, '\n');
                                                ^~~~
/Applications/Xcode.app/Contents/Developer/Platforms/MacOSX.platform/Developer/SDKs/MacOSX10.12.sdk/usr/include/secure/_string.h:125:33: note: 
      expanded from macro 'strcat'
  __builtin___strcat_chk (dest, src, __darwin_obsz (dest))
                                ^~~
2 warnings generated.
prajjwaldangal@Prajjwals-MBP:~/Documents/cs/spring17/web programming/SocketProgramming$ ./a.out
n_cap: 3, n_file: 0
if block
return string 5
^C
prajjwaldangal@Prajjwals-MBP:~/Documents/cs/spring17/web programming/SocketProgramming$ gcc server.c
server.c:118:28: warning: format specifies type 'int' but the argument has type
      'long' [-Wformat]
                                sprintf(n_bytes, "%d", bytes);
                                                  ~~   ^~~~~
                                                  %ld
/Applications/Xcode.app/Contents/Developer/Platforms/MacOSX.platform/Developer/SDKs/MacOSX10.12.sdk/usr/include/secure/_stdio.h:47:56: note: 
      expanded from macro 'sprintf'
  __builtin___sprintf_chk (str, 0, __darwin_obsz(str), __VA_ARGS__)
                                                       ^~~~~~~~~~~
server.c:120:21: warning: incompatible integer to pointer conversion passing
      'int' to parameter of type 'const char *' [-Wint-conversion]
                                strcat(ret_str, '\n');
                                                ^~~~
/Applications/Xcode.app/Contents/Developer/Platforms/MacOSX.platform/Developer/SDKs/MacOSX10.12.sdk/usr/include/secure/_string.h:125:33: note: 
      expanded from macro 'strcat'
  __builtin___strcat_chk (dest, src, __darwin_obsz (dest))
                                ^~~
2 warnings generated.
prajjwaldangal@Prajjwals-MBP:~/Documents/cs/spring17/web programming/SocketProgramming$ gcc server.c
server.c:118:28: warning: format specifies type 'int' but the argument has type
      'long' [-Wformat]
                                sprintf(n_bytes, "%d", bytes);
                                                  ~~   ^~~~~
                                                  %ld
/Applications/Xcode.app/Contents/Developer/Platforms/MacOSX.platform/Developer/SDKs/MacOSX10.12.sdk/usr/include/secure/_stdio.h:47:56: note: 
      expanded from macro 'sprintf'
  __builtin___sprintf_chk (str, 0, __darwin_obsz(str), __VA_ARGS__)
                                                       ^~~~~~~~~~~
server.c:120:21: warning: incompatible integer to pointer conversion passing
      'int' to parameter of type 'const char *' [-Wint-conversion]
                                strcat(ret_str, '\n');
                                                ^~~~
/Applications/Xcode.app/Contents/Developer/Platforms/MacOSX.platform/Developer/SDKs/MacOSX10.12.sdk/usr/include/secure/_string.h:125:33: note: 
      expanded from macro 'strcat'
  __builtin___strcat_chk (dest, src, __darwin_obsz (dest))
                                ^~~
2 warnings generated.
prajjwaldangal@Prajjwals-MBP:~/Documents/cs/spring17/web programming/SocketProgramming$ gcc server.c
server.c:118:28: warning: format specifies type 'int' but the argument has type
      'long' [-Wformat]
                                sprintf(n_bytes, "%d", bytes);
                                                  ~~   ^~~~~
                                                  %ld
/Applications/Xcode.app/Contents/Developer/Platforms/MacOSX.platform/Developer/SDKs/MacOSX10.12.sdk/usr/include/secure/_stdio.h:47:56: note: 
      expanded from macro 'sprintf'
  __builtin___sprintf_chk (str, 0, __darwin_obsz(str), __VA_ARGS__)
                                                       ^~~~~~~~~~~
server.c:120:21: warning: incompatible integer to pointer conversion passing
      'int' to parameter of type 'const char *' [-Wint-conversion]
                                strcat(ret_str, '\n');
                                                ^~~~
/Applications/Xcode.app/Contents/Developer/Platforms/MacOSX.platform/Developer/SDKs/MacOSX10.12.sdk/usr/include/secure/_string.h:125:33: note: 
      expanded from macro 'strcat'
  __builtin___strcat_chk (dest, src, __darwin_obsz (dest))
                                ^~~
2 warnings generated.
prajjwaldangal@Prajjwals-MBP:~/Documents/cs/spring17/web programming/SocketProgramming$ ./a.out
n_cap: 3, n_file: 0
if block
return string 
^[[A^C
prajjwaldangal@Prajjwals-MBP:~/Documents/cs/spring17/web programming/SocketProgramming$ gcc server.c
server.c:118:28: warning: format specifies type 'int' but the argument has type
      'long' [-Wformat]
                                sprintf(n_bytes, "%d", bytes);
                                                  ~~   ^~~~~
                                                  %ld
/Applications/Xcode.app/Contents/Developer/Platforms/MacOSX.platform/Developer/SDKs/MacOSX10.12.sdk/usr/include/secure/_stdio.h:47:56: note: 
      expanded from macro 'sprintf'
  __builtin___sprintf_chk (str, 0, __darwin_obsz(str), __VA_ARGS__)
                                                       ^~~~~~~~~~~
server.c:120:21: warning: incompatible integer to pointer conversion passing
      'int' to parameter of type 'const char *' [-Wint-conversion]
                                strcat(ret_str, '\n');
                                                ^~~~
/Applications/Xcode.app/Contents/Developer/Platforms/MacOSX.platform/Developer/SDKs/MacOSX10.12.sdk/usr/include/secure/_string.h:125:33: note: 
      expanded from macro 'strcat'
  __builtin___strcat_chk (dest, src, __darwin_obsz (dest))
                                ^~~
2 warnings generated.
prajjwaldangal@Prajjwals-MBP:~/Documents/cs/spring17/web programming/SocketProgramming$ ./a.out
n_cap: 3, n_file: 0
if block
^[[A^[[A
C^[[A^[[A^C
prajjwaldangal@Prajjwals-MBP:~/Documents/cs/spring17/web programming/SocketProgramming$ gcc server.c
server.c:119:28: warning: format specifies type 'int' but the argument has type
      'long' [-Wformat]
                                sprintf(n_bytes, "%d", bytes);
                                                  ~~   ^~~~~
                                                  %ld
/Applications/Xcode.app/Contents/Developer/Platforms/MacOSX.platform/Developer/SDKs/MacOSX10.12.sdk/usr/include/secure/_stdio.h:47:56: note: 
      expanded from macro 'sprintf'
  __builtin___sprintf_chk (str, 0, __darwin_obsz(str), __VA_ARGS__)
                                                       ^~~~~~~~~~~
server.c:121:21: warning: incompatible integer to pointer conversion passing
      'int' to parameter of type 'const char *' [-Wint-conversion]
                                strcat(ret_str, '\n');
                                                ^~~~
/Applications/Xcode.app/Contents/Developer/Platforms/MacOSX.platform/Developer/SDKs/MacOSX10.12.sdk/usr/include/secure/_string.h:125:33: note: 
      expanded from macro 'strcat'
  __builtin___strcat_chk (dest, src, __darwin_obsz (dest))
                                ^~~
2 warnings generated.
prajjwaldangal@Prajjwals-MBP:~/Documents/cs/spring17/web programming/SocketProgramming$ ./a.out
n_cap: 3, n_file: 0
if block
semi_buf: 
^C
prajjwaldangal@Prajjwals-MBP:~/Documents/cs/spring17/web programming/SocketProgramming$ gcc server.c
server.c:121:28: warning: format specifies type 'int' but the argument has type
      'long' [-Wformat]
                                sprintf(n_bytes, "%d", bytes);
                                                  ~~   ^~~~~
                                                  %ld
/Applications/Xcode.app/Contents/Developer/Platforms/MacOSX.platform/Developer/SDKs/MacOSX10.12.sdk/usr/include/secure/_stdio.h:47:56: note: 
      expanded from macro 'sprintf'
  __builtin___sprintf_chk (str, 0, __darwin_obsz(str), __VA_ARGS__)
                                                       ^~~~~~~~~~~
server.c:123:21: warning: incompatible integer to pointer conversion passing
      'int' to parameter of type 'const char *' [-Wint-conversion]
                                strcat(ret_str, '\n');
                                                ^~~~
/Applications/Xcode.app/Contents/Developer/Platforms/MacOSX.platform/Developer/SDKs/MacOSX10.12.sdk/usr/include/secure/_string.h:125:33: note: 
      expanded from macro 'strcat'
  __builtin___strcat_chk (dest, src, __darwin_obsz (dest))
                                ^~~
2 warnings generated.
prajjwaldangal@Prajjwals-MBP:~/Documents/cs/spring17/web programming/SocketProgramming$ ./a.out
Received buffer: CAP
fafa

n_cap: 3, n_file: 0
if block
semi_buf: 
^C
prajjwaldangal@Prajjwals-MBP:~/Documents/cs/spring17/web programming/SocketProgramming$ gcc server.c
server.c:121:28: warning: format specifies type 'int' but the argument has type
      'long' [-Wformat]
                                sprintf(n_bytes, "%d", bytes);
                                                  ~~   ^~~~~
                                                  %ld
/Applications/Xcode.app/Contents/Developer/Platforms/MacOSX.platform/Developer/SDKs/MacOSX10.12.sdk/usr/include/secure/_stdio.h:47:56: note: 
      expanded from macro 'sprintf'
  __builtin___sprintf_chk (str, 0, __darwin_obsz(str), __VA_ARGS__)
                                                       ^~~~~~~~~~~
server.c:123:21: warning: incompatible integer to pointer conversion passing
      'int' to parameter of type 'const char *' [-Wint-conversion]
                                strcat(ret_str, '\n');
                                                ^~~~
/Applications/Xcode.app/Contents/Developer/Platforms/MacOSX.platform/Developer/SDKs/MacOSX10.12.sdk/usr/include/secure/_string.h:125:33: note: 
      expanded from macro 'strcat'
  __builtin___strcat_chk (dest, src, __darwin_obsz (dest))
                                ^~~
2 warnings generated.
prajjwaldangal@Prajjwals-MBP:~/Documents/cs/spring17/web programming/SocketProgramming$ ./a.out
Received buffer: CAP
sdf

n_cap: 3, n_file: 0
if block
semi_buf: 
^C
prajjwaldangal@Prajjwals-MBP:~/Documents/cs/spring17/web programming/SocketProgramming$ gcc server.c
server.c:121:28: warning: format specifies type 'int' but the argument has type
      'long' [-Wformat]
                                sprintf(n_bytes, "%d", bytes);
                                                  ~~   ^~~~~
                                                  %ld
/Applications/Xcode.app/Contents/Developer/Platforms/MacOSX.platform/Developer/SDKs/MacOSX10.12.sdk/usr/include/secure/_stdio.h:47:56: note: 
      expanded from macro 'sprintf'
  __builtin___sprintf_chk (str, 0, __darwin_obsz(str), __VA_ARGS__)
                                                       ^~~~~~~~~~~
server.c:123:21: warning: incompatible integer to pointer conversion passing
      'int' to parameter of type 'const char *' [-Wint-conversion]
                                strcat(ret_str, '\n');
                                                ^~~~
/Applications/Xcode.app/Contents/Developer/Platforms/MacOSX.platform/Developer/SDKs/MacOSX10.12.sdk/usr/include/secure/_string.h:125:33: note: 
      expanded from macro 'strcat'
  __builtin___strcat_chk (dest, src, __darwin_obsz (dest))
                                ^~~
2 warnings generated.
prajjwaldangal@Prajjwals-MBP:~/Documents/cs/spring17/web programming/SocketProgramming$ ./a.out
Received buffer: CAP
asfas

n_cap: 3, n_file: 0
if block
semi_buf: 
^C
prajjwaldangal@Prajjwals-MBP:~/Documents/cs/spring17/web programming/SocketProgramming$ gcc server.c
server.c:97:27: warning: format specifies type 'int' but the argument has type
      'unsigned long' [-Wformat]
                        printf("str len %d\n", strlen(buffer));
                                        ~~     ^~~~~~~~~~~~~~
                                        %lu
server.c:124:28: warning: format specifies type 'int' but the argument has type
      'long' [-Wformat]
                                sprintf(n_bytes, "%d", bytes);
                                                  ~~   ^~~~~
                                                  %ld
/Applications/Xcode.app/Contents/Developer/Platforms/MacOSX.platform/Developer/SDKs/MacOSX10.12.sdk/usr/include/secure/_stdio.h:47:56: note: 
      expanded from macro 'sprintf'
  __builtin___sprintf_chk (str, 0, __darwin_obsz(str), __VA_ARGS__)
                                                       ^~~~~~~~~~~
server.c:126:21: warning: incompatible integer to pointer conversion passing
      'int' to parameter of type 'const char *' [-Wint-conversion]
                                strcat(ret_str, '\n');
                                                ^~~~
/Applications/Xcode.app/Contents/Developer/Platforms/MacOSX.platform/Developer/SDKs/MacOSX10.12.sdk/usr/include/secure/_string.h:125:33: note: 
      expanded from macro 'strcat'
  __builtin___strcat_chk (dest, src, __darwin_obsz (dest))
                                ^~~
3 warnings generated.
prajjwaldangal@Prajjwals-MBP:~/Documents/cs/spring17/web programming/SocketProgramming$ gcc server.c
server.c:124:28: warning: format specifies type 'int' but the argument has type
      'long' [-Wformat]
                                sprintf(n_bytes, "%d", bytes);
                                                  ~~   ^~~~~
                                                  %ld
/Applications/Xcode.app/Contents/Developer/Platforms/MacOSX.platform/Developer/SDKs/MacOSX10.12.sdk/usr/include/secure/_stdio.h:47:56: note: 
      expanded from macro 'sprintf'
  __builtin___sprintf_chk (str, 0, __darwin_obsz(str), __VA_ARGS__)
                                                       ^~~~~~~~~~~
server.c:126:21: warning: incompatible integer to pointer conversion passing
      'int' to parameter of type 'const char *' [-Wint-conversion]
                                strcat(ret_str, '\n');
                                                ^~~~
/Applications/Xcode.app/Contents/Developer/Platforms/MacOSX.platform/Developer/SDKs/MacOSX10.12.sdk/usr/include/secure/_string.h:125:33: note: 
      expanded from macro 'strcat'
  __builtin___strcat_chk (dest, src, __darwin_obsz (dest))
                                ^~~
2 warnings generated.
prajjwaldangal@Prajjwals-MBP:~/Documents/cs/spring17/web programming/SocketProgramming$ ./a.out
Received buffer: CAP
sfdad

n_cap: 3, n_file: 0
if block
str len 10
semi_buf: SFDAD

